// Jest Snapshot v1, https://goo.gl/fbAQLP

exports[`LoginControls should render like snapshot 1`] = `
ShallowWrapper {
  Symbol(enzyme.__root__): [Circular],
  Symbol(enzyme.__unrendered__): <LoginControls
    errorMessage="error"
    handleErrorMessage={[MockFunction]}
    handleFavoriteToggle={[MockFunction]}
    handleLogin={[MockFunction]}
    location={
      Object {
        "pathname": "",
      }
    }
    loggedIn={false}
    saveUserData={[MockFunction]}
    userId={7}
  />,
  Symbol(enzyme.__renderer__): Object {
    "batchedUpdates": [Function],
    "getNode": [Function],
    "render": [Function],
    "simulateError": [Function],
    "simulateEvent": [Function],
    "unmount": [Function],
  },
  Symbol(enzyme.__node__): Object {
    "instance": null,
    "key": undefined,
    "nodeType": "host",
    "props": Object {
      "children": Array [
        <form
          className="login-form"
          onSubmit={[Function]}
        >
          <input
            className="login"
            name="email"
            onChange={[Function]}
            placeholder="email"
            value=""
          />
          <input
            className="login"
            name="password"
            onChange={[Function]}
            placeholder="password"
            value=""
          />
          <button
            className="submit-btn login"
          >
            submit
          </button>
        </form>,
        false,
        <section>
          <p
            className="login-error-msg"
          >
            error
          </p>
        </section>,
      ],
      "className": "LoginControls",
    },
    "ref": null,
    "rendered": Array [
      Object {
        "instance": null,
        "key": undefined,
        "nodeType": "host",
        "props": Object {
          "children": Array [
            <input
              className="login"
              name="email"
              onChange={[Function]}
              placeholder="email"
              value=""
            />,
            false,
            <input
              className="login"
              name="password"
              onChange={[Function]}
              placeholder="password"
              value=""
            />,
            <button
              className="submit-btn login"
            >
              submit
            </button>,
          ],
          "className": "login-form",
          "onSubmit": [Function],
        },
        "ref": null,
        "rendered": Array [
          Object {
            "instance": null,
            "key": undefined,
            "nodeType": "host",
            "props": Object {
              "className": "login",
              "name": "email",
              "onChange": [Function],
              "placeholder": "email",
              "value": "",
            },
            "ref": null,
            "rendered": null,
            "type": "input",
          },
          false,
          Object {
            "instance": null,
            "key": undefined,
            "nodeType": "host",
            "props": Object {
              "className": "login",
              "name": "password",
              "onChange": [Function],
              "placeholder": "password",
              "value": "",
            },
            "ref": null,
            "rendered": null,
            "type": "input",
          },
          Object {
            "instance": null,
            "key": undefined,
            "nodeType": "host",
            "props": Object {
              "children": "submit",
              "className": "submit-btn login",
            },
            "ref": null,
            "rendered": "submit",
            "type": "button",
          },
        ],
        "type": "form",
      },
      false,
      Object {
        "instance": null,
        "key": undefined,
        "nodeType": "host",
        "props": Object {
          "children": <p
            className="login-error-msg"
          >
            error
          </p>,
        },
        "ref": null,
        "rendered": Object {
          "instance": null,
          "key": undefined,
          "nodeType": "host",
          "props": Object {
            "children": "error",
            "className": "login-error-msg",
          },
          "ref": null,
          "rendered": "error",
          "type": "p",
        },
        "type": "section",
      },
    ],
    "type": "div",
  },
  Symbol(enzyme.__nodes__): Array [
    Object {
      "instance": null,
      "key": undefined,
      "nodeType": "host",
      "props": Object {
        "children": Array [
          <form
            className="login-form"
            onSubmit={[Function]}
          >
            <input
              className="login"
              name="email"
              onChange={[Function]}
              placeholder="email"
              value=""
            />
            <input
              className="login"
              name="password"
              onChange={[Function]}
              placeholder="password"
              value=""
            />
            <button
              className="submit-btn login"
            >
              submit
            </button>
          </form>,
          false,
          <section>
            <p
              className="login-error-msg"
            >
              error
            </p>
          </section>,
        ],
        "className": "LoginControls",
      },
      "ref": null,
      "rendered": Array [
        Object {
          "instance": null,
          "key": undefined,
          "nodeType": "host",
          "props": Object {
            "children": Array [
              <input
                className="login"
                name="email"
                onChange={[Function]}
                placeholder="email"
                value=""
              />,
              false,
              <input
                className="login"
                name="password"
                onChange={[Function]}
                placeholder="password"
                value=""
              />,
              <button
                className="submit-btn login"
              >
                submit
              </button>,
            ],
            "className": "login-form",
            "onSubmit": [Function],
          },
          "ref": null,
          "rendered": Array [
            Object {
              "instance": null,
              "key": undefined,
              "nodeType": "host",
              "props": Object {
                "className": "login",
                "name": "email",
                "onChange": [Function],
                "placeholder": "email",
                "value": "",
              },
              "ref": null,
              "rendered": null,
              "type": "input",
            },
            false,
            Object {
              "instance": null,
              "key": undefined,
              "nodeType": "host",
              "props": Object {
                "className": "login",
                "name": "password",
                "onChange": [Function],
                "placeholder": "password",
                "value": "",
              },
              "ref": null,
              "rendered": null,
              "type": "input",
            },
            Object {
              "instance": null,
              "key": undefined,
              "nodeType": "host",
              "props": Object {
                "children": "submit",
                "className": "submit-btn login",
              },
              "ref": null,
              "rendered": "submit",
              "type": "button",
            },
          ],
          "type": "form",
        },
        false,
        Object {
          "instance": null,
          "key": undefined,
          "nodeType": "host",
          "props": Object {
            "children": <p
              className="login-error-msg"
            >
              error
            </p>,
          },
          "ref": null,
          "rendered": Object {
            "instance": null,
            "key": undefined,
            "nodeType": "host",
            "props": Object {
              "children": "error",
              "className": "login-error-msg",
            },
            "ref": null,
            "rendered": "error",
            "type": "p",
          },
          "type": "section",
        },
      ],
      "type": "div",
    },
  ],
  Symbol(enzyme.__options__): Object {
    "adapter": ReactSixteenAdapter {
      "options": Object {
        "enableComponentDidUpdateOnSetState": true,
        "lifecycles": Object {
          "componentDidUpdate": Object {
            "onSetState": true,
          },
          "getDerivedStateFromProps": true,
          "getSnapshotBeforeUpdate": true,
          "setState": Object {
            "skipsComponentDidUpdateOnNullish": true,
          },
        },
      },
    },
  },
}
`;
