// Jest Snapshot v1, https://goo.gl/fbAQLP

exports[`NavBar Renders like snapshot 1`] = `
ShallowWrapper {
  Symbol(enzyme.__root__): [Circular],
  Symbol(enzyme.__unrendered__): <NavBar
    loggedIn={true}
  />,
  Symbol(enzyme.__renderer__): Object {
    "batchedUpdates": [Function],
    "getNode": [Function],
    "render": [Function],
    "simulateError": [Function],
    "simulateEvent": [Function],
    "unmount": [Function],
  },
  Symbol(enzyme.__node__): Object {
    "instance": null,
    "key": undefined,
    "nodeType": "host",
    "props": Object {
      "children": Array [
        <h1>
          Hello 
        </h1>,
        <button
          className="sign-out-button buttons"
          onClick={[Function]}
        >
          Sign Out
        </button>,
      ],
      "className": "navBar",
    },
    "ref": null,
    "rendered": Array [
      Object {
        "instance": null,
        "key": undefined,
        "nodeType": "host",
        "props": Object {
          "children": Array [
            "Hello ",
            undefined,
          ],
        },
        "ref": null,
        "rendered": Array [
          "Hello ",
          undefined,
        ],
        "type": "h1",
      },
      Object {
        "instance": null,
        "key": undefined,
        "nodeType": "host",
        "props": Object {
          "children": "Sign Out",
          "className": "sign-out-button buttons",
          "onClick": [Function],
        },
        "ref": null,
        "rendered": "Sign Out",
        "type": "button",
      },
    ],
    "type": "div",
  },
  Symbol(enzyme.__nodes__): Array [
    Object {
      "instance": null,
      "key": undefined,
      "nodeType": "host",
      "props": Object {
        "children": Array [
          <h1>
            Hello 
          </h1>,
          <button
            className="sign-out-button buttons"
            onClick={[Function]}
          >
            Sign Out
          </button>,
        ],
        "className": "navBar",
      },
      "ref": null,
      "rendered": Array [
        Object {
          "instance": null,
          "key": undefined,
          "nodeType": "host",
          "props": Object {
            "children": Array [
              "Hello ",
              undefined,
            ],
          },
          "ref": null,
          "rendered": Array [
            "Hello ",
            undefined,
          ],
          "type": "h1",
        },
        Object {
          "instance": null,
          "key": undefined,
          "nodeType": "host",
          "props": Object {
            "children": "Sign Out",
            "className": "sign-out-button buttons",
            "onClick": [Function],
          },
          "ref": null,
          "rendered": "Sign Out",
          "type": "button",
        },
      ],
      "type": "div",
    },
  ],
  Symbol(enzyme.__options__): Object {
    "adapter": ReactSixteenAdapter {
      "options": Object {
        "enableComponentDidUpdateOnSetState": true,
        "lifecycles": Object {
          "componentDidUpdate": Object {
            "onSetState": true,
          },
          "getDerivedStateFromProps": true,
          "getSnapshotBeforeUpdate": true,
          "setState": Object {
            "skipsComponentDidUpdateOnNullish": true,
          },
        },
      },
    },
  },
}
`;
